Component: ARM Compiler 5.06 update 1 (build 61) Tool: armlink [4d35ed]

==============================================================================

Section Cross References

    main.o(i.main) refers to main.o(i.init_ADC0) for init_ADC0
    main.o(i.main) refers to tft_st7735.o(i.init_tft) for init_tft
    main.o(i.main) refers to tft_st7735.o(i.tft_drawaxes) for tft_drawaxes
    main.o(i.main) refers to tft_st7735.o(i.tft_DrawString) for tft_DrawString
    main.o(i.main) refers to main.o(i.ADC0_result) for ADC0_result
    main.o(i.main) refers to tft_st7735.o(i.tft_PlotPoint) for tft_PlotPoint
    main.o(i.main) refers to tft_st7735.o(i.tft_PlotIncrement) for tft_PlotIncrement
    main.o(i.main) refers to tft_st7735.o(i.delayms) for delayms
    main.o(i.main) refers to main.o(.data) for ADC_result
    tft_st7735.o(i.ST7735_FillScreen) refers to tft_st7735.o(i.tft_Fill_rectangle) for tft_Fill_rectangle
    tft_st7735.o(i.ST7735_FillScreen) refers to tft_st7735.o(.data) for _height
    tft_st7735.o(i.config_tft) refers to tft_st7735.o(i.delayms) for delayms
    tft_st7735.o(i.config_tft) refers to tft_st7735.o(i.init_SSI0) for init_SSI0
    tft_st7735.o(i.config_tft) refers to tft_st7735.o(i.tft_cmd) for tft_cmd
    tft_st7735.o(i.config_tft) refers to tft_st7735.o(i.tft_data) for tft_data
    tft_st7735.o(i.init_tft) refers to tft_st7735.o(i.config_tft) for config_tft
    tft_st7735.o(i.init_tft) refers to tft_st7735.o(i.tft_SetCursor) for tft_SetCursor
    tft_st7735.o(i.init_tft) refers to tft_st7735.o(i.ST7735_FillScreen) for ST7735_FillScreen
    tft_st7735.o(i.init_tft) refers to tft_st7735.o(.data) for StTextColor
    tft_st7735.o(i.setAddrWindow) refers to tft_st7735.o(i.tft_cmd) for tft_cmd
    tft_st7735.o(i.setAddrWindow) refers to tft_st7735.o(i.tft_data) for tft_data
    tft_st7735.o(i.setAddrWindow) refers to tft_st7735.o(.data) for ColStart
    tft_st7735.o(i.tft_DrawChar) refers to tft_st7735.o(i.setAddrWindow) for setAddrWindow
    tft_st7735.o(i.tft_DrawChar) refers to tft_st7735.o(i.tft_WriteColor) for tft_WriteColor
    tft_st7735.o(i.tft_DrawChar) refers to tft_st7735.o(.data) for _width
    tft_st7735.o(i.tft_DrawChar) refers to tft_st7735.o(.constdata) for Font
    tft_st7735.o(i.tft_DrawCharS) refers to tft_st7735.o(i.tft_DrawPixel) for tft_DrawPixel
    tft_st7735.o(i.tft_DrawCharS) refers to tft_st7735.o(i.tft_Fill_rectangle) for tft_Fill_rectangle
    tft_st7735.o(i.tft_DrawCharS) refers to tft_st7735.o(.data) for _width
    tft_st7735.o(i.tft_DrawCharS) refers to tft_st7735.o(.constdata) for Font
    tft_st7735.o(i.tft_DrawHLine) refers to tft_st7735.o(i.setAddrWindow) for setAddrWindow
    tft_st7735.o(i.tft_DrawHLine) refers to tft_st7735.o(i.tft_data) for tft_data
    tft_st7735.o(i.tft_DrawHLine) refers to tft_st7735.o(.data) for _width
    tft_st7735.o(i.tft_DrawPixel) refers to tft_st7735.o(i.setAddrWindow) for setAddrWindow
    tft_st7735.o(i.tft_DrawPixel) refers to tft_st7735.o(i.tft_WriteColor) for tft_WriteColor
    tft_st7735.o(i.tft_DrawPixel) refers to tft_st7735.o(.data) for _width
    tft_st7735.o(i.tft_DrawString) refers to tft_st7735.o(i.tft_DrawCharS) for tft_DrawCharS
    tft_st7735.o(i.tft_DrawVLine) refers to tft_st7735.o(i.setAddrWindow) for setAddrWindow
    tft_st7735.o(i.tft_DrawVLine) refers to tft_st7735.o(i.tft_data) for tft_data
    tft_st7735.o(i.tft_DrawVLine) refers to tft_st7735.o(.data) for _width
    tft_st7735.o(i.tft_Fill_rectangle) refers to tft_st7735.o(i.setAddrWindow) for setAddrWindow
    tft_st7735.o(i.tft_Fill_rectangle) refers to tft_st7735.o(i.tft_data) for tft_data
    tft_st7735.o(i.tft_Fill_rectangle) refers to tft_st7735.o(.data) for _width
    tft_st7735.o(i.tft_Plo_clr) refers to tft_st7735.o(i.tft_Color565) for tft_Color565
    tft_st7735.o(i.tft_Plo_clr) refers to tft_st7735.o(i.tft_Fill_rectangle) for tft_Fill_rectangle
    tft_st7735.o(i.tft_Plo_clr) refers to tft_st7735.o(.data) for PlotRange
    tft_st7735.o(i.tft_PlotBar) refers to tft_st7735.o(i.tft_DrawVLine) for tft_DrawVLine
    tft_st7735.o(i.tft_PlotBar) refers to tft_st7735.o(.data) for PlotMin
    tft_st7735.o(i.tft_PlotIncrement) refers to tft_st7735.o(i.tft_DrawVLine) for tft_DrawVLine
    tft_st7735.o(i.tft_PlotIncrement) refers to tft_st7735.o(.data) for TimeIndex
    tft_st7735.o(i.tft_PlotLine) refers to tft_st7735.o(i.tft_DrawPixel) for tft_DrawPixel
    tft_st7735.o(i.tft_PlotLine) refers to tft_st7735.o(.data) for PlotMin
    tft_st7735.o(i.tft_PlotNext) refers to tft_st7735.o(.data) for X
    tft_st7735.o(i.tft_PlotPoint) refers to tft_st7735.o(i.tft_DrawPixel) for tft_DrawPixel
    tft_st7735.o(i.tft_PlotPoint) refers to tft_st7735.o(.data) for PlotMin
    tft_st7735.o(i.tft_PlotStaticPoint) refers to tft_st7735.o(i.tft_DrawPixel) for tft_DrawPixel
    tft_st7735.o(i.tft_PlotStaticPoint) refers to tft_st7735.o(.data) for PlotMin
    tft_st7735.o(i.tft_SetCursor) refers to tft_st7735.o(.data) for Start_X
    tft_st7735.o(i.tft_WriteColor) refers to tft_st7735.o(i.tft_data) for tft_data
    tft_st7735.o(i.tft_drawaxes) refers to tft_st7735.o(i.tft_Fill_rectangle) for tft_Fill_rectangle
    tft_st7735.o(i.tft_drawaxes) refers to tft_st7735.o(i.tft_DrawHLine) for tft_DrawHLine
    tft_st7735.o(i.tft_drawaxes) refers to tft_st7735.o(i.tft_DrawVLine) for tft_DrawVLine
    tft_st7735.o(i.tft_drawaxes) refers to tft_st7735.o(i.tft_DrawPixel) for tft_DrawPixel
    tft_st7735.o(i.tft_drawaxes) refers to tft_st7735.o(i.tft_DrawChar) for tft_DrawChar
    tft_st7735.o(i.tft_drawaxes) refers to tft_st7735.o(.data) for PlotRange
    startup_tm4c123.o(STACK) refers (Special) to heapauxi.o(.text) for __use_two_region_memory
    startup_tm4c123.o(HEAP) refers (Special) to heapauxi.o(.text) for __use_two_region_memory
    startup_tm4c123.o(RESET) refers (Special) to heapauxi.o(.text) for __use_two_region_memory
    startup_tm4c123.o(RESET) refers to startup_tm4c123.o(STACK) for __initial_sp
    startup_tm4c123.o(RESET) refers to startup_tm4c123.o(.text) for Reset_Handler
    startup_tm4c123.o(.text) refers (Special) to heapauxi.o(.text) for __use_two_region_memory
    startup_tm4c123.o(.text) refers to system_tm4c123.o(i.SystemInit) for SystemInit
    startup_tm4c123.o(.text) refers to __main.o(!!!main) for __main
    startup_tm4c123.o(.text) refers to startup_tm4c123.o(HEAP) for Heap_Mem
    startup_tm4c123.o(.text) refers to startup_tm4c123.o(STACK) for Stack_Mem
    system_tm4c123.o(i.SystemCoreClockUpdate) refers to system_tm4c123.o(i.getOscClk) for getOscClk
    system_tm4c123.o(i.SystemCoreClockUpdate) refers to system_tm4c123.o(.data) for SystemCoreClock
    __main.o(!!!main) refers to __rtentry.o(.ARM.Collect$$rtentry$$00000000) for __rt_entry
    __rtentry.o(.ARM.Collect$$rtentry$$00000000) refers (Special) to __rtentry2.o(.ARM.Collect$$rtentry$$0000000A) for __rt_entry_li
    __rtentry.o(.ARM.Collect$$rtentry$$00000000) refers (Special) to __rtentry2.o(.ARM.Collect$$rtentry$$0000000D) for __rt_entry_main
    __rtentry.o(.ARM.Collect$$rtentry$$00000000) refers (Special) to __rtentry2.o(.ARM.Collect$$rtentry$$0000000C) for __rt_entry_postli_1
    __rtentry.o(.ARM.Collect$$rtentry$$00000000) refers (Special) to __rtentry2.o(.ARM.Collect$$rtentry$$00000009) for __rt_entry_postsh_1
    __rtentry.o(.ARM.Collect$$rtentry$$00000000) refers (Special) to __rtentry2.o(.ARM.Collect$$rtentry$$00000002) for __rt_entry_presh_1
    __rtentry.o(.ARM.Collect$$rtentry$$00000000) refers (Special) to __rtentry4.o(.ARM.Collect$$rtentry$$00000004) for __rt_entry_sh
    __rtentry2.o(.ARM.Collect$$rtentry$$00000008) refers to boardinit2.o(.text) for _platform_post_stackheap_init
    __rtentry2.o(.ARM.Collect$$rtentry$$0000000A) refers to libinit.o(.ARM.Collect$$libinit$$00000000) for __rt_lib_init
    __rtentry2.o(.ARM.Collect$$rtentry$$0000000B) refers to boardinit3.o(.text) for _platform_post_lib_init
    __rtentry2.o(.ARM.Collect$$rtentry$$0000000D) refers to main.o(i.main) for main
    __rtentry2.o(.ARM.Collect$$rtentry$$0000000D) refers to exit.o(.text) for exit
    __rtentry2.o(.ARM.exidx) refers to __rtentry2.o(.ARM.Collect$$rtentry$$00000001) for .ARM.Collect$$rtentry$$00000001
    __rtentry2.o(.ARM.exidx) refers to __rtentry2.o(.ARM.Collect$$rtentry$$00000008) for .ARM.Collect$$rtentry$$00000008
    __rtentry2.o(.ARM.exidx) refers to __rtentry2.o(.ARM.Collect$$rtentry$$0000000A) for .ARM.Collect$$rtentry$$0000000A
    __rtentry2.o(.ARM.exidx) refers to __rtentry2.o(.ARM.Collect$$rtentry$$0000000B) for .ARM.Collect$$rtentry$$0000000B
    __rtentry2.o(.ARM.exidx) refers to __rtentry2.o(.ARM.Collect$$rtentry$$0000000D) for .ARM.Collect$$rtentry$$0000000D
    __rtentry4.o(.ARM.Collect$$rtentry$$00000004) refers to sys_stackheap_outer.o(.text) for __user_setup_stackheap
    __rtentry4.o(.ARM.exidx) refers to __rtentry4.o(.ARM.Collect$$rtentry$$00000004) for .ARM.Collect$$rtentry$$00000004
    sys_stackheap_outer.o(.text) refers to libspace.o(.text) for __user_perproc_libspace
    sys_stackheap_outer.o(.text) refers to startup_tm4c123.o(.text) for __user_initial_stackheap
    exit.o(.text) refers to rtexit.o(.ARM.Collect$$rtexit$$00000000) for __rt_exit
    libinit.o(.ARM.Collect$$libinit$$00000000) refers (Special) to libinit2.o(.ARM.Collect$$libinit$$0000002E) for __rt_lib_init_alloca_1
    libinit.o(.ARM.Collect$$libinit$$00000000) refers (Special) to libinit2.o(.ARM.Collect$$libinit$$0000002C) for __rt_lib_init_argv_1
    libinit.o(.ARM.Collect$$libinit$$00000000) refers (Special) to libinit2.o(.ARM.Collect$$libinit$$0000001B) for __rt_lib_init_atexit_1
    libinit.o(.ARM.Collect$$libinit$$00000000) refers (Special) to libinit2.o(.ARM.Collect$$libinit$$00000021) for __rt_lib_init_clock_1
    libinit.o(.ARM.Collect$$libinit$$00000000) refers (Special) to libinit2.o(.ARM.Collect$$libinit$$00000032) for __rt_lib_init_cpp_1
    libinit.o(.ARM.Collect$$libinit$$00000000) refers (Special) to libinit2.o(.ARM.Collect$$libinit$$00000030) for __rt_lib_init_exceptions_1
    libinit.o(.ARM.Collect$$libinit$$00000000) refers (Special) to libinit2.o(.ARM.Collect$$libinit$$00000001) for __rt_lib_init_fp_1
    libinit.o(.ARM.Collect$$libinit$$00000000) refers (Special) to libinit2.o(.ARM.Collect$$libinit$$0000001F) for __rt_lib_init_fp_trap_1
    libinit.o(.ARM.Collect$$libinit$$00000000) refers (Special) to libinit2.o(.ARM.Collect$$libinit$$00000023) for __rt_lib_init_getenv_1
    libinit.o(.ARM.Collect$$libinit$$00000000) refers (Special) to libinit2.o(.ARM.Collect$$libinit$$0000000A) for __rt_lib_init_heap_1
    libinit.o(.ARM.Collect$$libinit$$00000000) refers (Special) to libinit2.o(.ARM.Collect$$libinit$$00000011) for __rt_lib_init_lc_collate_1
    libinit.o(.ARM.Collect$$libinit$$00000000) refers (Special) to libinit2.o(.ARM.Collect$$libinit$$00000013) for __rt_lib_init_lc_ctype_1
    libinit.o(.ARM.Collect$$libinit$$00000000) refers (Special) to libinit2.o(.ARM.Collect$$libinit$$00000015) for __rt_lib_init_lc_monetary_1
    libinit.o(.ARM.Collect$$libinit$$00000000) refers (Special) to libinit2.o(.ARM.Collect$$libinit$$00000017) for __rt_lib_init_lc_numeric_1
    libinit.o(.ARM.Collect$$libinit$$00000000) refers (Special) to libinit2.o(.ARM.Collect$$libinit$$00000019) for __rt_lib_init_lc_time_1
    libinit.o(.ARM.Collect$$libinit$$00000000) refers (Special) to libinit2.o(.ARM.Collect$$libinit$$00000004) for __rt_lib_init_preinit_1
    libinit.o(.ARM.Collect$$libinit$$00000000) refers (Special) to libinit2.o(.ARM.Collect$$libinit$$0000000E) for __rt_lib_init_rand_1
    libinit.o(.ARM.Collect$$libinit$$00000000) refers (Special) to libinit2.o(.ARM.Collect$$libinit$$00000033) for __rt_lib_init_return
    libinit.o(.ARM.Collect$$libinit$$00000000) refers (Special) to libinit2.o(.ARM.Collect$$libinit$$0000001D) for __rt_lib_init_signal_1
    libinit.o(.ARM.Collect$$libinit$$00000000) refers (Special) to libinit2.o(.ARM.Collect$$libinit$$00000025) for __rt_lib_init_stdio_1
    libinit.o(.ARM.Collect$$libinit$$00000000) refers (Special) to libinit2.o(.ARM.Collect$$libinit$$0000000C) for __rt_lib_init_user_alloc_1
    libspace.o(.text) refers to libspace.o(.bss) for __libspace_start
    rtexit.o(.ARM.Collect$$rtexit$$00000000) refers (Special) to rtexit2.o(.ARM.Collect$$rtexit$$00000004) for __rt_exit_exit
    rtexit.o(.ARM.Collect$$rtexit$$00000000) refers (Special) to rtexit2.o(.ARM.Collect$$rtexit$$00000003) for __rt_exit_ls
    rtexit.o(.ARM.Collect$$rtexit$$00000000) refers (Special) to rtexit2.o(.ARM.Collect$$rtexit$$00000002) for __rt_exit_prels_1
    rtexit.o(.ARM.exidx) refers (Special) to rtexit2.o(.ARM.Collect$$rtexit$$00000004) for __rt_exit_exit
    rtexit.o(.ARM.exidx) refers (Special) to rtexit2.o(.ARM.Collect$$rtexit$$00000003) for __rt_exit_ls
    rtexit.o(.ARM.exidx) refers (Special) to rtexit2.o(.ARM.Collect$$rtexit$$00000002) for __rt_exit_prels_1
    rtexit.o(.ARM.exidx) refers to rtexit.o(.ARM.Collect$$rtexit$$00000000) for .ARM.Collect$$rtexit$$00000000
    libinit2.o(.ARM.Collect$$libinit$$00000001) refers to fpinit.o(x$fpl$fpinit) for _fp_init
    libinit2.o(.ARM.Collect$$libinit$$00000010) refers to libinit2.o(.ARM.Collect$$libinit$$0000000F) for .ARM.Collect$$libinit$$0000000F
    libinit2.o(.ARM.Collect$$libinit$$00000012) refers to libinit2.o(.ARM.Collect$$libinit$$0000000F) for .ARM.Collect$$libinit$$0000000F
    libinit2.o(.ARM.Collect$$libinit$$00000014) refers to libinit2.o(.ARM.Collect$$libinit$$0000000F) for .ARM.Collect$$libinit$$0000000F
    libinit2.o(.ARM.Collect$$libinit$$00000016) refers to libinit2.o(.ARM.Collect$$libinit$$0000000F) for .ARM.Collect$$libinit$$0000000F
    libinit2.o(.ARM.Collect$$libinit$$00000018) refers to libinit2.o(.ARM.Collect$$libinit$$0000000F) for .ARM.Collect$$libinit$$0000000F
    libinit2.o(.ARM.Collect$$libinit$$00000026) refers to argv_veneer.o(.emb_text) for __ARM_argv_veneer
    libinit2.o(.ARM.Collect$$libinit$$00000027) refers to argv_veneer.o(.emb_text) for __ARM_argv_veneer
    rtexit2.o(.ARM.Collect$$rtexit$$00000003) refers to libshutdown.o(.ARM.Collect$$libshutdown$$00000000) for __rt_lib_shutdown
    rtexit2.o(.ARM.Collect$$rtexit$$00000004) refers to sys_exit.o(.text) for _sys_exit
    rtexit2.o(.ARM.exidx) refers to rtexit2.o(.ARM.Collect$$rtexit$$00000001) for .ARM.Collect$$rtexit$$00000001
    rtexit2.o(.ARM.exidx) refers to rtexit2.o(.ARM.Collect$$rtexit$$00000003) for .ARM.Collect$$rtexit$$00000003
    rtexit2.o(.ARM.exidx) refers to rtexit2.o(.ARM.Collect$$rtexit$$00000004) for .ARM.Collect$$rtexit$$00000004
    argv_veneer.o(.emb_text) refers to no_argv.o(.text) for __ARM_get_argv
    sys_exit.o(.text) refers (Special) to use_no_semi.o(.text) for __I$use$semihosting
    sys_exit.o(.text) refers (Special) to indicate_semi.o(.text) for __semihosting_library_function
    _get_argv_nomalloc.o(.text) refers (Special) to hrguard.o(.text) for __heap_region$guard
    _get_argv_nomalloc.o(.text) refers to defsig_rtmem_outer.o(.text) for __rt_SIGRTMEM
    _get_argv_nomalloc.o(.text) refers to sys_command.o(.text) for _sys_command_string
    libshutdown.o(.ARM.Collect$$libshutdown$$00000000) refers (Special) to libshutdown2.o(.ARM.Collect$$libshutdown$$00000002) for __rt_lib_shutdown_cpp_1
    libshutdown.o(.ARM.Collect$$libshutdown$$00000000) refers (Special) to libshutdown2.o(.ARM.Collect$$libshutdown$$00000007) for __rt_lib_shutdown_fp_trap_1
    libshutdown.o(.ARM.Collect$$libshutdown$$00000000) refers (Special) to libshutdown2.o(.ARM.Collect$$libshutdown$$0000000F) for __rt_lib_shutdown_heap_1
    libshutdown.o(.ARM.Collect$$libshutdown$$00000000) refers (Special) to libshutdown2.o(.ARM.Collect$$libshutdown$$00000010) for __rt_lib_shutdown_return
    libshutdown.o(.ARM.Collect$$libshutdown$$00000000) refers (Special) to libshutdown2.o(.ARM.Collect$$libshutdown$$0000000A) for __rt_lib_shutdown_signal_1
    libshutdown.o(.ARM.Collect$$libshutdown$$00000000) refers (Special) to libshutdown2.o(.ARM.Collect$$libshutdown$$00000004) for __rt_lib_shutdown_stdio_1
    libshutdown.o(.ARM.Collect$$libshutdown$$00000000) refers (Special) to libshutdown2.o(.ARM.Collect$$libshutdown$$0000000C) for __rt_lib_shutdown_user_alloc_1
    sys_command.o(.text) refers (Special) to use_no_semi.o(.text) for __I$use$semihosting
    sys_command.o(.text) refers (Special) to indicate_semi.o(.text) for __semihosting_library_function
    defsig_rtmem_outer.o(.text) refers to defsig_rtmem_inner.o(.text) for __rt_SIGRTMEM_inner
    defsig_rtmem_outer.o(.text) refers to defsig_exit.o(.text) for __sig_exit
    defsig_rtmem_formal.o(.text) refers to rt_raise.o(.text) for __rt_raise
    rt_raise.o(.text) refers to __raise.o(.text) for __raise
    rt_raise.o(.text) refers to sys_exit.o(.text) for _sys_exit
    defsig_exit.o(.text) refers to sys_exit.o(.text) for _sys_exit
    defsig_rtmem_inner.o(.text) refers to defsig_general.o(.text) for __default_signal_display
    __raise.o(.text) refers to defsig.o(CL$$defsig) for __default_signal_handler
    defsig_general.o(.text) refers to sys_wrch.o(.text) for _ttywrch
    sys_wrch.o(.text) refers (Special) to use_no_semi.o(.text) for __I$use$semihosting
    sys_wrch.o(.text) refers (Special) to indicate_semi.o(.text) for __semihosting_library_function
    defsig.o(CL$$defsig) refers to defsig_rtmem_inner.o(.text) for __rt_SIGRTMEM_inner
    defsig_abrt_inner.o(.text) refers to defsig_general.o(.text) for __default_signal_display
    defsig_fpe_inner.o(.text) refers to defsig_general.o(.text) for __default_signal_display
    defsig_rtred_inner.o(.text) refers to defsig_general.o(.text) for __default_signal_display
    defsig_stak_inner.o(.text) refers to defsig_general.o(.text) for __default_signal_display
    defsig_pvfn_inner.o(.text) refers to defsig_general.o(.text) for __default_signal_display
    defsig_cppl_inner.o(.text) refers to defsig_general.o(.text) for __default_signal_display
    defsig_segv_inner.o(.text) refers to defsig_general.o(.text) for __default_signal_display
    defsig_other.o(.text) refers to defsig_general.o(.text) for __default_signal_display


==============================================================================

Removing Unused input sections from the image.

    Removing main.o(.rev16_text), (4 bytes).
    Removing main.o(.revsh_text), (4 bytes).
    Removing main.o(.rrx_text), (6 bytes).
    Removing main.o(.constdata), (1275 bytes).
    Removing tft_st7735.o(.rev16_text), (4 bytes).
    Removing tft_st7735.o(.revsh_text), (4 bytes).
    Removing tft_st7735.o(.rrx_text), (6 bytes).
    Removing tft_st7735.o(i.tft_Color565), (24 bytes).
    Removing tft_st7735.o(i.tft_Plo_clr), (76 bytes).
    Removing tft_st7735.o(i.tft_PlotBar), (88 bytes).
    Removing tft_st7735.o(i.tft_PlotLine), (264 bytes).
    Removing tft_st7735.o(i.tft_PlotNext), (32 bytes).
    Removing tft_st7735.o(i.tft_PlotStaticPoint), (152 bytes).
    Removing system_tm4c123.o(.rev16_text), (4 bytes).
    Removing system_tm4c123.o(.revsh_text), (4 bytes).
    Removing system_tm4c123.o(.rrx_text), (6 bytes).
    Removing system_tm4c123.o(i.SystemCoreClockUpdate), (196 bytes).
    Removing system_tm4c123.o(i.getOscClk), (244 bytes).
    Removing system_tm4c123.o(.data), (4 bytes).

19 unused section(s) (total 2397 bytes) removed from the image.

==============================================================================

Image Symbol Table

    Local Symbols

    Symbol Name                              Value     Ov Type        Size  Object(Section)

    RESET                                    0x00000000   Section      620  startup_tm4c123.o(RESET)
    ../clib/angel/boardlib.s                 0x00000000   Number         0  boardinit1.o ABSOLUTE
    ../clib/angel/boardlib.s                 0x00000000   Number         0  boardshut.o ABSOLUTE
    ../clib/angel/boardlib.s                 0x00000000   Number         0  boardinit3.o ABSOLUTE
    ../clib/angel/boardlib.s                 0x00000000   Number         0  boardinit2.o ABSOLUTE
    ../clib/angel/handlers.s                 0x00000000   Number         0  __scatter_zi.o ABSOLUTE
    ../clib/angel/handlers.s                 0x00000000   Number         0  __scatter_copy.o ABSOLUTE
    ../clib/angel/kernel.s                   0x00000000   Number         0  __rtentry4.o ABSOLUTE
    ../clib/angel/kernel.s                   0x00000000   Number         0  __rtentry2.o ABSOLUTE
    ../clib/angel/kernel.s                   0x00000000   Number         0  __rtentry.o ABSOLUTE
    ../clib/angel/kernel.s                   0x00000000   Number         0  rtexit.o ABSOLUTE
    ../clib/angel/kernel.s                   0x00000000   Number         0  rtexit2.o ABSOLUTE
    ../clib/angel/rt.s                       0x00000000   Number         0  rt_raise.o ABSOLUTE
    ../clib/angel/scatter.s                  0x00000000   Number         0  __scatter.o ABSOLUTE
    ../clib/angel/startup.s                  0x00000000   Number         0  __main.o ABSOLUTE
    ../clib/angel/sys.s                      0x00000000   Number         0  sys_stackheap_outer.o ABSOLUTE
    ../clib/angel/sys.s                      0x00000000   Number         0  indicate_semi.o ABSOLUTE
    ../clib/angel/sys.s                      0x00000000   Number         0  use_no_semi.o ABSOLUTE
    ../clib/angel/sys.s                      0x00000000   Number         0  libspace.o ABSOLUTE
    ../clib/angel/sysapp.c                   0x00000000   Number         0  sys_command.o ABSOLUTE
    ../clib/angel/sysapp.c                   0x00000000   Number         0  sys_exit.o ABSOLUTE
    ../clib/angel/sysapp.c                   0x00000000   Number         0  sys_wrch.o ABSOLUTE
    ../clib/armsys.c                         0x00000000   Number         0  argv_veneer.o ABSOLUTE
    ../clib/armsys.c                         0x00000000   Number         0  argv_veneer.o ABSOLUTE
    ../clib/armsys.c                         0x00000000   Number         0  no_argv.o ABSOLUTE
    ../clib/armsys.c                         0x00000000   Number         0  _get_argv_nomalloc.o ABSOLUTE
    ../clib/heapalloc.c                      0x00000000   Number         0  hrguard.o ABSOLUTE
    ../clib/heapaux.c                        0x00000000   Number         0  heapauxi.o ABSOLUTE
    ../clib/libinit.s                        0x00000000   Number         0  libshutdown.o ABSOLUTE
    ../clib/libinit.s                        0x00000000   Number         0  libinit.o ABSOLUTE
    ../clib/libinit.s                        0x00000000   Number         0  libinit2.o ABSOLUTE
    ../clib/libinit.s                        0x00000000   Number         0  libshutdown2.o ABSOLUTE
    ../clib/signal.c                         0x00000000   Number         0  defsig_other.o ABSOLUTE
    ../clib/signal.c                         0x00000000   Number         0  defsig_rtmem_outer.o ABSOLUTE
    ../clib/signal.c                         0x00000000   Number         0  defsig_rtmem_formal.o ABSOLUTE
    ../clib/signal.c                         0x00000000   Number         0  defsig_rtmem_inner.o ABSOLUTE
    ../clib/signal.c                         0x00000000   Number         0  defsig_general.o ABSOLUTE
    ../clib/signal.c                         0x00000000   Number         0  defsig_exit.o ABSOLUTE
    ../clib/signal.c                         0x00000000   Number         0  defsig_fpe_inner.o ABSOLUTE
    ../clib/signal.c                         0x00000000   Number         0  defsig_segv_inner.o ABSOLUTE
    ../clib/signal.c                         0x00000000   Number         0  defsig_cppl_inner.o ABSOLUTE
    ../clib/signal.c                         0x00000000   Number         0  defsig_pvfn_inner.o ABSOLUTE
    ../clib/signal.c                         0x00000000   Number         0  defsig_stak_inner.o ABSOLUTE
    ../clib/signal.c                         0x00000000   Number         0  defsig_rtred_inner.o ABSOLUTE
    ../clib/signal.c                         0x00000000   Number         0  __raise.o ABSOLUTE
    ../clib/signal.c                         0x00000000   Number         0  defsig_abrt_inner.o ABSOLUTE
    ../clib/signal.s                         0x00000000   Number         0  defsig.o ABSOLUTE
    ../clib/stdlib.c                         0x00000000   Number         0  exit.o ABSOLUTE
    ../fplib/fpinit.s                        0x00000000   Number         0  fpinit.o ABSOLUTE
    RTE\Device\TM4C123GH6PM\startup_TM4C123.s 0x00000000   Number         0  startup_tm4c123.o ABSOLUTE
    RTE\Device\TM4C123GH6PM\system_TM4C123.c 0x00000000   Number         0  system_tm4c123.o ABSOLUTE
    RTE\\Device\\TM4C123GH6PM\\system_TM4C123.c 0x00000000   Number         0  system_tm4c123.o ABSOLUTE
    dc.s                                     0x00000000   Number         0  dc.o ABSOLUTE
    main.c                                   0x00000000   Number         0  main.o ABSOLUTE
    main.c                                   0x00000000   Number         0  main.o ABSOLUTE
    tft_st7735.c                             0x00000000   Number         0  tft_st7735.o ABSOLUTE
    tft_st7735.c                             0x00000000   Number         0  tft_st7735.o ABSOLUTE
    !!!main                                  0x0000026c   Section        8  __main.o(!!!main)
    !!!scatter                               0x00000274   Section       52  __scatter.o(!!!scatter)
    !!handler_copy                           0x000002a8   Section       26  __scatter_copy.o(!!handler_copy)
    !!handler_zi                             0x000002c4   Section       28  __scatter_zi.o(!!handler_zi)
    .ARM.Collect$$libinit$$00000000          0x000002e0   Section        2  libinit.o(.ARM.Collect$$libinit$$00000000)
    .ARM.Collect$$libinit$$00000001          0x000002e2   Section        4  libinit2.o(.ARM.Collect$$libinit$$00000001)
    .ARM.Collect$$libinit$$00000004          0x000002e6   Section        0  libinit2.o(.ARM.Collect$$libinit$$00000004)
    .ARM.Collect$$libinit$$0000000A          0x000002e6   Section        0  libinit2.o(.ARM.Collect$$libinit$$0000000A)
    .ARM.Collect$$libinit$$0000000C          0x000002e6   Section        0  libinit2.o(.ARM.Collect$$libinit$$0000000C)
    .ARM.Collect$$libinit$$0000000E          0x000002e6   Section        0  libinit2.o(.ARM.Collect$$libinit$$0000000E)
    .ARM.Collect$$libinit$$00000011          0x000002e6   Section        0  libinit2.o(.ARM.Collect$$libinit$$00000011)
    .ARM.Collect$$libinit$$00000013          0x000002e6   Section        0  libinit2.o(.ARM.Collect$$libinit$$00000013)
    .ARM.Collect$$libinit$$00000015          0x000002e6   Section        0  libinit2.o(.ARM.Collect$$libinit$$00000015)
    .ARM.Collect$$libinit$$00000017          0x000002e6   Section        0  libinit2.o(.ARM.Collect$$libinit$$00000017)
    .ARM.Collect$$libinit$$00000019          0x000002e6   Section        0  libinit2.o(.ARM.Collect$$libinit$$00000019)
    .ARM.Collect$$libinit$$0000001B          0x000002e6   Section        0  libinit2.o(.ARM.Collect$$libinit$$0000001B)
    .ARM.Collect$$libinit$$0000001D          0x000002e6   Section        0  libinit2.o(.ARM.Collect$$libinit$$0000001D)
    .ARM.Collect$$libinit$$0000001F          0x000002e6   Section        0  libinit2.o(.ARM.Collect$$libinit$$0000001F)
    .ARM.Collect$$libinit$$00000021          0x000002e6   Section        0  libinit2.o(.ARM.Collect$$libinit$$00000021)
    .ARM.Collect$$libinit$$00000023          0x000002e6   Section        0  libinit2.o(.ARM.Collect$$libinit$$00000023)
    .ARM.Collect$$libinit$$00000025          0x000002e6   Section        0  libinit2.o(.ARM.Collect$$libinit$$00000025)
    .ARM.Collect$$libinit$$0000002C          0x000002e6   Section        0  libinit2.o(.ARM.Collect$$libinit$$0000002C)
    .ARM.Collect$$libinit$$0000002E          0x000002e6   Section        0  libinit2.o(.ARM.Collect$$libinit$$0000002E)
    .ARM.Collect$$libinit$$00000030          0x000002e6   Section        0  libinit2.o(.ARM.Collect$$libinit$$00000030)
    .ARM.Collect$$libinit$$00000032          0x000002e6   Section        0  libinit2.o(.ARM.Collect$$libinit$$00000032)
    .ARM.Collect$$libinit$$00000033          0x000002e6   Section        2  libinit2.o(.ARM.Collect$$libinit$$00000033)
    .ARM.Collect$$libshutdown$$00000000      0x000002e8   Section        2  libshutdown.o(.ARM.Collect$$libshutdown$$00000000)
    .ARM.Collect$$libshutdown$$00000002      0x000002ea   Section        0  libshutdown2.o(.ARM.Collect$$libshutdown$$00000002)
    .ARM.Collect$$libshutdown$$00000004      0x000002ea   Section        0  libshutdown2.o(.ARM.Collect$$libshutdown$$00000004)
    .ARM.Collect$$libshutdown$$00000007      0x000002ea   Section        0  libshutdown2.o(.ARM.Collect$$libshutdown$$00000007)
    .ARM.Collect$$libshutdown$$0000000A      0x000002ea   Section        0  libshutdown2.o(.ARM.Collect$$libshutdown$$0000000A)
    .ARM.Collect$$libshutdown$$0000000C      0x000002ea   Section        0  libshutdown2.o(.ARM.Collect$$libshutdown$$0000000C)
    .ARM.Collect$$libshutdown$$0000000F      0x000002ea   Section        0  libshutdown2.o(.ARM.Collect$$libshutdown$$0000000F)
    .ARM.Collect$$libshutdown$$00000010      0x000002ea   Section        2  libshutdown2.o(.ARM.Collect$$libshutdown$$00000010)
    .ARM.Collect$$rtentry$$00000000          0x000002ec   Section        0  __rtentry.o(.ARM.Collect$$rtentry$$00000000)
    .ARM.Collect$$rtentry$$00000002          0x000002ec   Section        0  __rtentry2.o(.ARM.Collect$$rtentry$$00000002)
    .ARM.Collect$$rtentry$$00000004          0x000002ec   Section        6  __rtentry4.o(.ARM.Collect$$rtentry$$00000004)
    .ARM.Collect$$rtentry$$00000009          0x000002f2   Section        0  __rtentry2.o(.ARM.Collect$$rtentry$$00000009)
    .ARM.Collect$$rtentry$$0000000A          0x000002f2   Section        4  __rtentry2.o(.ARM.Collect$$rtentry$$0000000A)
    .ARM.Collect$$rtentry$$0000000C          0x000002f6   Section        0  __rtentry2.o(.ARM.Collect$$rtentry$$0000000C)
    .ARM.Collect$$rtentry$$0000000D          0x000002f6   Section        8  __rtentry2.o(.ARM.Collect$$rtentry$$0000000D)
    .ARM.Collect$$rtexit$$00000000           0x000002fe   Section        2  rtexit.o(.ARM.Collect$$rtexit$$00000000)
    .ARM.Collect$$rtexit$$00000002           0x00000300   Section        0  rtexit2.o(.ARM.Collect$$rtexit$$00000002)
    .ARM.Collect$$rtexit$$00000003           0x00000300   Section        4  rtexit2.o(.ARM.Collect$$rtexit$$00000003)
    .ARM.Collect$$rtexit$$00000004           0x00000304   Section        6  rtexit2.o(.ARM.Collect$$rtexit$$00000004)
    .text                                    0x0000030c   Section      276  startup_tm4c123.o(.text)
    $v0                                      0x0000030c   Number         0  startup_tm4c123.o(.text)
    .text                                    0x00000420   Section        0  heapauxi.o(.text)
    .text                                    0x00000426   Section       74  sys_stackheap_outer.o(.text)
    .text                                    0x00000470   Section        0  exit.o(.text)
    .text                                    0x00000484   Section        8  libspace.o(.text)
    .text                                    0x0000048c   Section        0  sys_exit.o(.text)
    .text                                    0x00000498   Section        2  use_no_semi.o(.text)
    .text                                    0x0000049a   Section        0  indicate_semi.o(.text)
    i.ADC0_result                            0x0000049c   Section        0  main.o(i.ADC0_result)
    i.ST7735_FillScreen                      0x000004c8   Section        0  tft_st7735.o(i.ST7735_FillScreen)
    i.SystemInit                             0x000004ec   Section        0  system_tm4c123.o(i.SystemInit)
    i.config_tft                             0x00000584   Section        0  tft_st7735.o(i.config_tft)
    i.delayms                                0x000006c8   Section        0  tft_st7735.o(i.delayms)
    i.init_ADC0                              0x00000718   Section        0  main.o(i.init_ADC0)
    i.init_SSI0                              0x000007a8   Section        0  tft_st7735.o(i.init_SSI0)
    i.init_tft                               0x00000864   Section        0  tft_st7735.o(i.init_tft)
    i.main                                   0x00000888   Section        0  main.o(i.main)
    i.setAddrWindow                          0x0000091c   Section        0  tft_st7735.o(i.setAddrWindow)
    setAddrWindow                            0x0000091d   Thumb Code   106  tft_st7735.o(i.setAddrWindow)
    i.tft_DrawChar                           0x00000990   Section        0  tft_st7735.o(i.tft_DrawChar)
    i.tft_DrawCharS                          0x00000aa0   Section        0  tft_st7735.o(i.tft_DrawCharS)
    i.tft_DrawHLine                          0x00000b98   Section        0  tft_st7735.o(i.tft_DrawHLine)
    i.tft_DrawPixel                          0x00000c14   Section        0  tft_st7735.o(i.tft_DrawPixel)
    i.tft_DrawString                         0x00000c5c   Section        0  tft_st7735.o(i.tft_DrawString)
    i.tft_DrawVLine                          0x00000cb0   Section        0  tft_st7735.o(i.tft_DrawVLine)
    i.tft_Fill_rectangle                     0x00000d2c   Section        0  tft_st7735.o(i.tft_Fill_rectangle)
    i.tft_PlotIncrement                      0x00000dd8   Section        0  tft_st7735.o(i.tft_PlotIncrement)
    i.tft_PlotPoint                          0x00000e10   Section        0  tft_st7735.o(i.tft_PlotPoint)
    i.tft_SetCursor                          0x00000e70   Section        0  tft_st7735.o(i.tft_SetCursor)
    i.tft_WriteColor                         0x00000e90   Section        0  tft_st7735.o(i.tft_WriteColor)
    tft_WriteColor                           0x00000e91   Thumb Code    18  tft_st7735.o(i.tft_WriteColor)
    i.tft_cmd                                0x00000ea4   Section        0  tft_st7735.o(i.tft_cmd)
    tft_cmd                                  0x00000ea5   Thumb Code    50  tft_st7735.o(i.tft_cmd)
    i.tft_data                               0x00000ee0   Section        0  tft_st7735.o(i.tft_data)
    tft_data                                 0x00000ee1   Thumb Code    50  tft_st7735.o(i.tft_data)
    i.tft_drawaxes                           0x00000f1c   Section        0  tft_st7735.o(i.tft_drawaxes)
    x$fpl$fpinit                             0x0000102c   Section       10  fpinit.o(x$fpl$fpinit)
    $v0                                      0x0000102c   Number         0  fpinit.o(x$fpl$fpinit)
    .constdata                               0x00001036   Section     1275  tft_st7735.o(.constdata)
    Font                                     0x00001036   Data        1275  tft_st7735.o(.constdata)
    .data                                    0x20000000   Section        4  main.o(.data)
    .data                                    0x20000004   Section       48  tft_st7735.o(.data)
    ColStart                                 0x20000004   Data           1  tft_st7735.o(.data)
    RowStart                                 0x20000005   Data           1  tft_st7735.o(.data)
    _width                                   0x20000006   Data           2  tft_st7735.o(.data)
    _height                                  0x20000008   Data           2  tft_st7735.o(.data)
    .bss                                     0x20000034   Section       96  libspace.o(.bss)
    HEAP                                     0x20000098   Section        0  startup_tm4c123.o(HEAP)
    STACK                                    0x20000098   Section      512  startup_tm4c123.o(STACK)
    Heap_Mem                                 0x20000098   Data           0  startup_tm4c123.o(HEAP)
    Stack_Mem                                0x20000098   Data         512  startup_tm4c123.o(STACK)
    __initial_sp                             0x20000298   Data           0  startup_tm4c123.o(STACK)

    Global Symbols

    Symbol Name                              Value     Ov Type        Size  Object(Section)

    BuildAttributes$$THM_ISAv4$E$P$D$K$B$S$7EM$VFPi3$EXTD16$VFPS$VFMA$PE$A:L22UL41UL21$X:L11$S22US41US21$IEEE1$IW$USESV6$~STKCKD$USESV7$~SHL$OSPACE$ROPI$EBA8$UX$STANDARDLIB$REQ8$PRES8$EABIv2 0x00000000   Number         0  anon$$obj.o ABSOLUTE
    __ARM_use_no_argv                        0x00000000   Number         0  main.o ABSOLUTE
    __Vectors                                0x00000000   Data           4  startup_tm4c123.o(RESET)
    __ARM_exceptions_init                     - Undefined Weak Reference
    __alloca_initialize                       - Undefined Weak Reference
    __arm_preinit_                            - Undefined Weak Reference
    __cpp_initialize__aeabi_                  - Undefined Weak Reference
    __cxa_finalize                            - Undefined Weak Reference
    __rt_locale                               - Undefined Weak Reference
    __sigvec_lookup                           - Undefined Weak Reference
    _atexit_init                              - Undefined Weak Reference
    _call_atexit_fns                          - Undefined Weak Reference
    _clock_init                               - Undefined Weak Reference
    _fp_trap_init                             - Undefined Weak Reference
    _fp_trap_shutdown                         - Undefined Weak Reference
    _get_lc_collate                           - Undefined Weak Reference
    _get_lc_ctype                             - Undefined Weak Reference
    _get_lc_monetary                          - Undefined Weak Reference
    _get_lc_numeric                           - Undefined Weak Reference
    _get_lc_time                              - Undefined Weak Reference
    _getenv_init                              - Undefined Weak Reference
    _handle_redirection                       - Undefined Weak Reference
    _init_alloc                               - Undefined Weak Reference
    _init_user_alloc                          - Undefined Weak Reference
    _initio                                   - Undefined Weak Reference
    _rand_init                                - Undefined Weak Reference
    _signal_finish                            - Undefined Weak Reference
    _signal_init                              - Undefined Weak Reference
    _terminate_alloc                          - Undefined Weak Reference
    _terminate_user_alloc                     - Undefined Weak Reference
    _terminateio                              - Undefined Weak Reference
    __Vectors_End                            0x0000026c   Data           0  startup_tm4c123.o(RESET)
    __Vectors_Size                           0x0000026c   Number         0  startup_tm4c123.o ABSOLUTE
    __main                                   0x0000026d   Thumb Code     8  __main.o(!!!main)
    __scatterload                            0x00000275   Thumb Code     0  __scatter.o(!!!scatter)
    __scatterload_rt2                        0x00000275   Thumb Code    44  __scatter.o(!!!scatter)
    __scatterload_rt2_thumb_only             0x00000275   Thumb Code     0  __scatter.o(!!!scatter)
    __scatterload_null                       0x00000283   Thumb Code     0  __scatter.o(!!!scatter)
    __scatterload_copy                       0x000002a9   Thumb Code    26  __scatter_copy.o(!!handler_copy)
    __scatterload_zeroinit                   0x000002c5   Thumb Code    28  __scatter_zi.o(!!handler_zi)
    __rt_lib_init                            0x000002e1   Thumb Code     0  libinit.o(.ARM.Collect$$libinit$$00000000)
    __rt_lib_init_fp_1                       0x000002e3   Thumb Code     0  libinit2.o(.ARM.Collect$$libinit$$00000001)
    __rt_lib_init_alloca_1                   0x000002e7   Thumb Code     0  libinit2.o(.ARM.Collect$$libinit$$0000002E)
    __rt_lib_init_argv_1                     0x000002e7   Thumb Code     0  libinit2.o(.ARM.Collect$$libinit$$0000002C)
    __rt_lib_init_atexit_1                   0x000002e7   Thumb Code     0  libinit2.o(.ARM.Collect$$libinit$$0000001B)
    __rt_lib_init_clock_1                    0x000002e7   Thumb Code     0  libinit2.o(.ARM.Collect$$libinit$$00000021)
    __rt_lib_init_cpp_1                      0x000002e7   Thumb Code     0  libinit2.o(.ARM.Collect$$libinit$$00000032)
    __rt_lib_init_exceptions_1               0x000002e7   Thumb Code     0  libinit2.o(.ARM.Collect$$libinit$$00000030)
    __rt_lib_init_fp_trap_1                  0x000002e7   Thumb Code     0  libinit2.o(.ARM.Collect$$libinit$$0000001F)
    __rt_lib_init_getenv_1                   0x000002e7   Thumb Code     0  libinit2.o(.ARM.Collect$$libinit$$00000023)
    __rt_lib_init_heap_1                     0x000002e7   Thumb Code     0  libinit2.o(.ARM.Collect$$libinit$$0000000A)
    __rt_lib_init_lc_collate_1               0x000002e7   Thumb Code     0  libinit2.o(.ARM.Collect$$libinit$$00000011)
    __rt_lib_init_lc_ctype_1                 0x000002e7   Thumb Code     0  libinit2.o(.ARM.Collect$$libinit$$00000013)
    __rt_lib_init_lc_monetary_1              0x000002e7   Thumb Code     0  libinit2.o(.ARM.Collect$$libinit$$00000015)
    __rt_lib_init_lc_numeric_1               0x000002e7   Thumb Code     0  libinit2.o(.ARM.Collect$$libinit$$00000017)
    __rt_lib_init_lc_time_1                  0x000002e7   Thumb Code     0  libinit2.o(.ARM.Collect$$libinit$$00000019)
    __rt_lib_init_preinit_1                  0x000002e7   Thumb Code     0  libinit2.o(.ARM.Collect$$libinit$$00000004)
    __rt_lib_init_rand_1                     0x000002e7   Thumb Code     0  libinit2.o(.ARM.Collect$$libinit$$0000000E)
    __rt_lib_init_return                     0x000002e7   Thumb Code     0  libinit2.o(.ARM.Collect$$libinit$$00000033)
    __rt_lib_init_signal_1                   0x000002e7   Thumb Code     0  libinit2.o(.ARM.Collect$$libinit$$0000001D)
    __rt_lib_init_stdio_1                    0x000002e7   Thumb Code     0  libinit2.o(.ARM.Collect$$libinit$$00000025)
    __rt_lib_init_user_alloc_1               0x000002e7   Thumb Code     0  libinit2.o(.ARM.Collect$$libinit$$0000000C)
    __rt_lib_shutdown                        0x000002e9   Thumb Code     0  libshutdown.o(.ARM.Collect$$libshutdown$$00000000)
    __rt_lib_shutdown_cpp_1                  0x000002eb   Thumb Code     0  libshutdown2.o(.ARM.Collect$$libshutdown$$00000002)
    __rt_lib_shutdown_fp_trap_1              0x000002eb   Thumb Code     0  libshutdown2.o(.ARM.Collect$$libshutdown$$00000007)
    __rt_lib_shutdown_heap_1                 0x000002eb   Thumb Code     0  libshutdown2.o(.ARM.Collect$$libshutdown$$0000000F)
    __rt_lib_shutdown_return                 0x000002eb   Thumb Code     0  libshutdown2.o(.ARM.Collect$$libshutdown$$00000010)
    __rt_lib_shutdown_signal_1               0x000002eb   Thumb Code     0  libshutdown2.o(.ARM.Collect$$libshutdown$$0000000A)
    __rt_lib_shutdown_stdio_1                0x000002eb   Thumb Code     0  libshutdown2.o(.ARM.Collect$$libshutdown$$00000004)
    __rt_lib_shutdown_user_alloc_1           0x000002eb   Thumb Code     0  libshutdown2.o(.ARM.Collect$$libshutdown$$0000000C)
    __rt_entry                               0x000002ed   Thumb Code     0  __rtentry.o(.ARM.Collect$$rtentry$$00000000)
    __rt_entry_presh_1                       0x000002ed   Thumb Code     0  __rtentry2.o(.ARM.Collect$$rtentry$$00000002)
    __rt_entry_sh                            0x000002ed   Thumb Code     0  __rtentry4.o(.ARM.Collect$$rtentry$$00000004)
    __rt_entry_li                            0x000002f3   Thumb Code     0  __rtentry2.o(.ARM.Collect$$rtentry$$0000000A)
    __rt_entry_postsh_1                      0x000002f3   Thumb Code     0  __rtentry2.o(.ARM.Collect$$rtentry$$00000009)
    __rt_entry_main                          0x000002f7   Thumb Code     0  __rtentry2.o(.ARM.Collect$$rtentry$$0000000D)
    __rt_entry_postli_1                      0x000002f7   Thumb Code     0  __rtentry2.o(.ARM.Collect$$rtentry$$0000000C)
    __rt_exit                                0x000002ff   Thumb Code     0  rtexit.o(.ARM.Collect$$rtexit$$00000000)
    __rt_exit_ls                             0x00000301   Thumb Code     0  rtexit2.o(.ARM.Collect$$rtexit$$00000003)
    __rt_exit_prels_1                        0x00000301   Thumb Code     0  rtexit2.o(.ARM.Collect$$rtexit$$00000002)
    __rt_exit_exit                           0x00000305   Thumb Code     0  rtexit2.o(.ARM.Collect$$rtexit$$00000004)
    Reset_Handler                            0x0000030d   Thumb Code     8  startup_tm4c123.o(.text)
    NMI_Handler                              0x00000315   Thumb Code     2  startup_tm4c123.o(.text)
    HardFault_Handler                        0x00000317   Thumb Code     2  startup_tm4c123.o(.text)
    MemManage_Handler                        0x00000319   Thumb Code     2  startup_tm4c123.o(.text)
    BusFault_Handler                         0x0000031b   Thumb Code     2  startup_tm4c123.o(.text)
    UsageFault_Handler                       0x0000031d   Thumb Code     2  startup_tm4c123.o(.text)
    SVC_Handler                              0x0000031f   Thumb Code     2  startup_tm4c123.o(.text)
    DebugMon_Handler                         0x00000321   Thumb Code     2  startup_tm4c123.o(.text)
    PendSV_Handler                           0x00000323   Thumb Code     2  startup_tm4c123.o(.text)
    SysTick_Handler                          0x00000325   Thumb Code     2  startup_tm4c123.o(.text)
    GPIOA_Handler                            0x00000327   Thumb Code     2  startup_tm4c123.o(.text)
    GPIOB_Handler                            0x00000329   Thumb Code     2  startup_tm4c123.o(.text)
    GPIOC_Handler                            0x0000032b   Thumb Code     2  startup_tm4c123.o(.text)
    GPIOD_Handler                            0x0000032d   Thumb Code     2  startup_tm4c123.o(.text)
    GPIOE_Handler                            0x0000032f   Thumb Code     2  startup_tm4c123.o(.text)
    UART0_Handler                            0x00000331   Thumb Code     2  startup_tm4c123.o(.text)
    UART1_Handler                            0x00000333   Thumb Code     2  startup_tm4c123.o(.text)
    SSI0_Handler                             0x00000335   Thumb Code     2  startup_tm4c123.o(.text)
    I2C0_Handler                             0x00000337   Thumb Code     2  startup_tm4c123.o(.text)
    PMW0_FAULT_Handler                       0x00000339   Thumb Code     2  startup_tm4c123.o(.text)
    PWM0_0_Handler                           0x0000033b   Thumb Code     2  startup_tm4c123.o(.text)
    PWM0_1_Handler                           0x0000033d   Thumb Code     2  startup_tm4c123.o(.text)
    PWM0_2_Handler                           0x0000033f   Thumb Code     2  startup_tm4c123.o(.text)
    QEI0_Handler                             0x00000341   Thumb Code     2  startup_tm4c123.o(.text)
    ADC0SS0_Handler                          0x00000343   Thumb Code     2  startup_tm4c123.o(.text)
    ADC0SS1_Handler                          0x00000345   Thumb Code     2  startup_tm4c123.o(.text)
    ADC0SS2_Handler                          0x00000347   Thumb Code     2  startup_tm4c123.o(.text)
    ADC0SS3_Handler                          0x00000349   Thumb Code     2  startup_tm4c123.o(.text)
    WDT0_Handler                             0x0000034b   Thumb Code     2  startup_tm4c123.o(.text)
    TIMER0A_Handler                          0x0000034d   Thumb Code     2  startup_tm4c123.o(.text)
    TIMER0B_Handler                          0x0000034f   Thumb Code     2  startup_tm4c123.o(.text)
    TIMER1A_Handler                          0x00000351   Thumb Code     2  startup_tm4c123.o(.text)
    TIMER1B_Handler                          0x00000353   Thumb Code     2  startup_tm4c123.o(.text)
    TIMER2A_Handler                          0x00000355   Thumb Code     2  startup_tm4c123.o(.text)
    TIMER2B_Handler                          0x00000357   Thumb Code     2  startup_tm4c123.o(.text)
    COMP0_Handler                            0x00000359   Thumb Code     2  startup_tm4c123.o(.text)
    COMP1_Handler                            0x0000035b   Thumb Code     2  startup_tm4c123.o(.text)
    COMP2_Handler                            0x0000035d   Thumb Code     2  startup_tm4c123.o(.text)
    SYSCTL_Handler                           0x0000035f   Thumb Code     2  startup_tm4c123.o(.text)
    FLASH_Handler                            0x00000361   Thumb Code     2  startup_tm4c123.o(.text)
    GPIOF_Handler                            0x00000363   Thumb Code     2  startup_tm4c123.o(.text)
    GPIOG_Handler                            0x00000365   Thumb Code     2  startup_tm4c123.o(.text)
    GPIOH_Handler                            0x00000367   Thumb Code     2  startup_tm4c123.o(.text)
    UART2_Handler                            0x00000369   Thumb Code     2  startup_tm4c123.o(.text)
    SSI1_Handler                             0x0000036b   Thumb Code     2  startup_tm4c123.o(.text)
    TIMER3A_Handler                          0x0000036d   Thumb Code     2  startup_tm4c123.o(.text)
    TIMER3B_Handler                          0x0000036f   Thumb Code     2  startup_tm4c123.o(.text)
    I2C1_Handler                             0x00000371   Thumb Code     2  startup_tm4c123.o(.text)
    QEI1_Handler                             0x00000373   Thumb Code     2  startup_tm4c123.o(.text)
    CAN0_Handler                             0x00000375   Thumb Code     2  startup_tm4c123.o(.text)
    CAN1_Handler                             0x00000377   Thumb Code     2  startup_tm4c123.o(.text)
    CAN2_Handler                             0x00000379   Thumb Code     2  startup_tm4c123.o(.text)
    HIB_Handler                              0x0000037b   Thumb Code     2  startup_tm4c123.o(.text)
    USB0_Handler                             0x0000037d   Thumb Code     2  startup_tm4c123.o(.text)
    PWM0_3_Handler                           0x0000037f   Thumb Code     2  startup_tm4c123.o(.text)
    UDMA_Handler                             0x00000381   Thumb Code     2  startup_tm4c123.o(.text)
    UDMAERR_Handler                          0x00000383   Thumb Code     2  startup_tm4c123.o(.text)
    ADC1SS0_Handler                          0x00000385   Thumb Code     2  startup_tm4c123.o(.text)
    ADC1SS1_Handler                          0x00000387   Thumb Code     2  startup_tm4c123.o(.text)
    ADC1SS2_Handler                          0x00000389   Thumb Code     2  startup_tm4c123.o(.text)
    ADC1SS3_Handler                          0x0000038b   Thumb Code     2  startup_tm4c123.o(.text)
    GPIOJ_Handler                            0x0000038d   Thumb Code     2  startup_tm4c123.o(.text)
    GPIOK_Handler                            0x0000038f   Thumb Code     2  startup_tm4c123.o(.text)
    GPIOL_Handler                            0x00000391   Thumb Code     2  startup_tm4c123.o(.text)
    SSI2_Handler                             0x00000393   Thumb Code     2  startup_tm4c123.o(.text)
    SSI3_Handler                             0x00000395   Thumb Code     2  startup_tm4c123.o(.text)
    UART3_Handler                            0x00000397   Thumb Code     2  startup_tm4c123.o(.text)
    UART4_Handler                            0x00000399   Thumb Code     2  startup_tm4c123.o(.text)
    UART5_Handler                            0x0000039b   Thumb Code     2  startup_tm4c123.o(.text)
    UART6_Handler                            0x0000039d   Thumb Code     2  startup_tm4c123.o(.text)
    UART7_Handler                            0x0000039f   Thumb Code     2  startup_tm4c123.o(.text)
    I2C2_Handler                             0x000003a1   Thumb Code     2  startup_tm4c123.o(.text)
    I2C3_Handler                             0x000003a3   Thumb Code     2  startup_tm4c123.o(.text)
    TIMER4A_Handler                          0x000003a5   Thumb Code     2  startup_tm4c123.o(.text)
    TIMER4B_Handler                          0x000003a7   Thumb Code     2  startup_tm4c123.o(.text)
    TIMER5A_Handler                          0x000003a9   Thumb Code     2  startup_tm4c123.o(.text)
    TIMER5B_Handler                          0x000003ab   Thumb Code     2  startup_tm4c123.o(.text)
    WTIMER0A_Handler                         0x000003ad   Thumb Code     2  startup_tm4c123.o(.text)
    WTIMER0B_Handler                         0x000003af   Thumb Code     2  startup_tm4c123.o(.text)
    WTIMER1A_Handler                         0x000003b1   Thumb Code     2  startup_tm4c123.o(.text)
    WTIMER1B_Handler                         0x000003b3   Thumb Code     2  startup_tm4c123.o(.text)
    WTIMER2A_Handler                         0x000003b5   Thumb Code     2  startup_tm4c123.o(.text)
    WTIMER2B_Handler                         0x000003b7   Thumb Code     2  startup_tm4c123.o(.text)
    WTIMER3A_Handler                         0x000003b9   Thumb Code     2  startup_tm4c123.o(.text)
    WTIMER3B_Handler                         0x000003bb   Thumb Code     2  startup_tm4c123.o(.text)
    WTIMER4A_Handler                         0x000003bd   Thumb Code     2  startup_tm4c123.o(.text)
    WTIMER4B_Handler                         0x000003bf   Thumb Code     2  startup_tm4c123.o(.text)
    WTIMER5A_Handler                         0x000003c1   Thumb Code     2  startup_tm4c123.o(.text)
    WTIMER5B_Handler                         0x000003c3   Thumb Code     2  startup_tm4c123.o(.text)
    FPU_Handler                              0x000003c5   Thumb Code     2  startup_tm4c123.o(.text)
    I2C4_Handler                             0x000003c7   Thumb Code     2  startup_tm4c123.o(.text)
    I2C5_Handler                             0x000003c9   Thumb Code     2  startup_tm4c123.o(.text)
    GPIOM_Handler                            0x000003cb   Thumb Code     2  startup_tm4c123.o(.text)
    GPION_Handler                            0x000003cd   Thumb Code     2  startup_tm4c123.o(.text)
    QEI2_Handler                             0x000003cf   Thumb Code     2  startup_tm4c123.o(.text)
    GPIOP0_Handler                           0x000003d1   Thumb Code     2  startup_tm4c123.o(.text)
    GPIOP1_Handler                           0x000003d3   Thumb Code     2  startup_tm4c123.o(.text)
    GPIOP2_Handler                           0x000003d5   Thumb Code     2  startup_tm4c123.o(.text)
    GPIOP3_Handler                           0x000003d7   Thumb Code     2  startup_tm4c123.o(.text)
    GPIOP4_Handler                           0x000003d9   Thumb Code     2  startup_tm4c123.o(.text)
    GPIOP5_Handler                           0x000003db   Thumb Code     2  startup_tm4c123.o(.text)
    GPIOP6_Handler                           0x000003dd   Thumb Code     2  startup_tm4c123.o(.text)
    GPIOP7_Handler                           0x000003df   Thumb Code     2  startup_tm4c123.o(.text)
    GPIOQ0_Handler                           0x000003e1   Thumb Code     2  startup_tm4c123.o(.text)
    GPIOQ1_Handler                           0x000003e3   Thumb Code     2  startup_tm4c123.o(.text)
    GPIOQ2_Handler                           0x000003e5   Thumb Code     2  startup_tm4c123.o(.text)
    GPIOQ3_Handler                           0x000003e7   Thumb Code     2  startup_tm4c123.o(.text)
    GPIOQ4_Handler                           0x000003e9   Thumb Code     2  startup_tm4c123.o(.text)
    GPIOQ5_Handler                           0x000003eb   Thumb Code     2  startup_tm4c123.o(.text)
    GPIOQ6_Handler                           0x000003ed   Thumb Code     2  startup_tm4c123.o(.text)
    GPIOQ7_Handler                           0x000003ef   Thumb Code     2  startup_tm4c123.o(.text)
    GPIOR_Handler                            0x000003f1   Thumb Code     2  startup_tm4c123.o(.text)
    GPIOS_Handler                            0x000003f3   Thumb Code     2  startup_tm4c123.o(.text)
    PMW1_0_Handler                           0x000003f5   Thumb Code     2  startup_tm4c123.o(.text)
    PWM1_1_Handler                           0x000003f7   Thumb Code     2  startup_tm4c123.o(.text)
    PWM1_2_Handler                           0x000003f9   Thumb Code     2  startup_tm4c123.o(.text)
    PWM1_3_Handler                           0x000003fb   Thumb Code     2  startup_tm4c123.o(.text)
    PWM1_FAULT_Handler                       0x000003fd   Thumb Code     2  startup_tm4c123.o(.text)
    __user_initial_stackheap                 0x00000401   Thumb Code     0  startup_tm4c123.o(.text)
    __use_two_region_memory                  0x00000421   Thumb Code     2  heapauxi.o(.text)
    __rt_heap_escrow$2region                 0x00000423   Thumb Code     2  heapauxi.o(.text)
    __rt_heap_expand$2region                 0x00000425   Thumb Code     2  heapauxi.o(.text)
    __user_setup_stackheap                   0x00000427   Thumb Code    74  sys_stackheap_outer.o(.text)
    exit                                     0x00000471   Thumb Code    18  exit.o(.text)
    __user_libspace                          0x00000485   Thumb Code     8  libspace.o(.text)
    __user_perproc_libspace                  0x00000485   Thumb Code     0  libspace.o(.text)
    __user_perthread_libspace                0x00000485   Thumb Code     0  libspace.o(.text)
    _sys_exit                                0x0000048d   Thumb Code     8  sys_exit.o(.text)
    __I$use$semihosting                      0x00000499   Thumb Code     0  use_no_semi.o(.text)
    __use_no_semihosting_swi                 0x00000499   Thumb Code     2  use_no_semi.o(.text)
    __semihosting_library_function           0x0000049b   Thumb Code     0  indicate_semi.o(.text)
    ADC0_result                              0x0000049d   Thumb Code    40  main.o(i.ADC0_result)
    ST7735_FillScreen                        0x000004c9   Thumb Code    28  tft_st7735.o(i.ST7735_FillScreen)
    SystemInit                               0x000004ed   Thumb Code   112  system_tm4c123.o(i.SystemInit)
    config_tft                               0x00000585   Thumb Code   308  tft_st7735.o(i.config_tft)
    delayms                                  0x000006c9   Thumb Code    72  tft_st7735.o(i.delayms)
    init_ADC0                                0x00000719   Thumb Code   126  main.o(i.init_ADC0)
    init_SSI0                                0x000007a9   Thumb Code   158  tft_st7735.o(i.init_SSI0)
    init_tft                                 0x00000865   Thumb Code    30  tft_st7735.o(i.init_tft)
    main                                     0x00000889   Thumb Code   106  main.o(i.main)
    tft_DrawChar                             0x00000991   Thumb Code   260  tft_st7735.o(i.tft_DrawChar)
    tft_DrawCharS                            0x00000aa1   Thumb Code   236  tft_st7735.o(i.tft_DrawCharS)
    tft_DrawHLine                            0x00000b99   Thumb Code   116  tft_st7735.o(i.tft_DrawHLine)
    tft_DrawPixel                            0x00000c15   Thumb Code    64  tft_st7735.o(i.tft_DrawPixel)
    tft_DrawString                           0x00000c5d   Thumb Code    84  tft_st7735.o(i.tft_DrawString)
    tft_DrawVLine                            0x00000cb1   Thumb Code   116  tft_st7735.o(i.tft_DrawVLine)
    tft_Fill_rectangle                       0x00000d2d   Thumb Code   164  tft_st7735.o(i.tft_Fill_rectangle)
    tft_PlotIncrement                        0x00000dd9   Thumb Code    46  tft_st7735.o(i.tft_PlotIncrement)
    tft_PlotPoint                            0x00000e11   Thumb Code    84  tft_st7735.o(i.tft_PlotPoint)
    tft_SetCursor                            0x00000e71   Thumb Code    22  tft_st7735.o(i.tft_SetCursor)
    tft_drawaxes                             0x00000f1d   Thumb Code   258  tft_st7735.o(i.tft_drawaxes)
    _fp_init                                 0x0000102d   Thumb Code    10  fpinit.o(x$fpl$fpinit)
    __fplib_config_fpu_vfp                   0x00001035   Thumb Code     0  fpinit.o(x$fpl$fpinit)
    __fplib_config_pureend_doubles           0x00001035   Thumb Code     0  fpinit.o(x$fpl$fpinit)
    Region$$Table$$Base                      0x00001534   Number         0  anon$$obj.o(Region$$Table)
    Region$$Table$$Limit                     0x00001554   Number         0  anon$$obj.o(Region$$Table)
    ADC_result                               0x20000000   Data           4  main.o(.data)
    Start_X                                  0x2000000c   Data           4  tft_st7735.o(.data)
    Start_Y                                  0x20000010   Data           4  tft_st7735.o(.data)
    StTextColor                              0x20000014   Data           2  tft_st7735.o(.data)
    PlotMax                                  0x20000018   Data           4  tft_st7735.o(.data)
    PlotMin                                  0x2000001c   Data           4  tft_st7735.o(.data)
    X                                        0x20000020   Data           4  tft_st7735.o(.data)
    PlotRange                                0x20000024   Data           4  tft_st7735.o(.data)
    TimeIndex                                0x20000028   Data           4  tft_st7735.o(.data)
    PlotBGColor                              0x2000002c   Data           2  tft_st7735.o(.data)
    lastj                                    0x20000030   Data           4  tft_st7735.o(.data)
    __libspace_start                         0x20000034   Data          96  libspace.o(.bss)
    __temporary_stack_top$libspace           0x20000094   Data           0  libspace.o(.bss)



==============================================================================

Memory Map of the image

  Image Entry point : 0x0000030d

  Load Region LR_1 (Base: 0x00000000, Size: 0x00001588, Max: 0xffffffff, ABSOLUTE)

    Execution Region ER_RO (Exec base: 0x00000000, Load base: 0x00000000, Size: 0x00001554, Max: 0xffffffff, ABSOLUTE)

    Exec Addr    Load Addr    Size         Type   Attr      Idx    E Section Name        Object

    0x00000000   0x00000000   0x0000026c   Data   RO          259    RESET               startup_tm4c123.o
    0x0000026c   0x0000026c   0x00000008   Code   RO          309  * !!!main             c_w.l(__main.o)
    0x00000274   0x00000274   0x00000034   Code   RO          466    !!!scatter          c_w.l(__scatter.o)
    0x000002a8   0x000002a8   0x0000001a   Code   RO          468    !!handler_copy      c_w.l(__scatter_copy.o)
    0x000002c2   0x000002c2   0x00000002   PAD
    0x000002c4   0x000002c4   0x0000001c   Code   RO          470    !!handler_zi        c_w.l(__scatter_zi.o)
    0x000002e0   0x000002e0   0x00000002   Code   RO          336    .ARM.Collect$$libinit$$00000000  c_w.l(libinit.o)
    0x000002e2   0x000002e2   0x00000004   Code   RO          342    .ARM.Collect$$libinit$$00000001  c_w.l(libinit2.o)
    0x000002e6   0x000002e6   0x00000000   Code   RO          345    .ARM.Collect$$libinit$$00000004  c_w.l(libinit2.o)
    0x000002e6   0x000002e6   0x00000000   Code   RO          348    .ARM.Collect$$libinit$$0000000A  c_w.l(libinit2.o)
    0x000002e6   0x000002e6   0x00000000   Code   RO          350    .ARM.Collect$$libinit$$0000000C  c_w.l(libinit2.o)
    0x000002e6   0x000002e6   0x00000000   Code   RO          352    .ARM.Collect$$libinit$$0000000E  c_w.l(libinit2.o)
    0x000002e6   0x000002e6   0x00000000   Code   RO          355    .ARM.Collect$$libinit$$00000011  c_w.l(libinit2.o)
    0x000002e6   0x000002e6   0x00000000   Code   RO          357    .ARM.Collect$$libinit$$00000013  c_w.l(libinit2.o)
    0x000002e6   0x000002e6   0x00000000   Code   RO          359    .ARM.Collect$$libinit$$00000015  c_w.l(libinit2.o)
    0x000002e6   0x000002e6   0x00000000   Code   RO          361    .ARM.Collect$$libinit$$00000017  c_w.l(libinit2.o)
    0x000002e6   0x000002e6   0x00000000   Code   RO          363    .ARM.Collect$$libinit$$00000019  c_w.l(libinit2.o)
    0x000002e6   0x000002e6   0x00000000   Code   RO          365    .ARM.Collect$$libinit$$0000001B  c_w.l(libinit2.o)
    0x000002e6   0x000002e6   0x00000000   Code   RO          367    .ARM.Collect$$libinit$$0000001D  c_w.l(libinit2.o)
    0x000002e6   0x000002e6   0x00000000   Code   RO          369    .ARM.Collect$$libinit$$0000001F  c_w.l(libinit2.o)
    0x000002e6   0x000002e6   0x00000000   Code   RO          371    .ARM.Collect$$libinit$$00000021  c_w.l(libinit2.o)
    0x000002e6   0x000002e6   0x00000000   Code   RO          373    .ARM.Collect$$libinit$$00000023  c_w.l(libinit2.o)
    0x000002e6   0x000002e6   0x00000000   Code   RO          375    .ARM.Collect$$libinit$$00000025  c_w.l(libinit2.o)
    0x000002e6   0x000002e6   0x00000000   Code   RO          379    .ARM.Collect$$libinit$$0000002C  c_w.l(libinit2.o)
    0x000002e6   0x000002e6   0x00000000   Code   RO          381    .ARM.Collect$$libinit$$0000002E  c_w.l(libinit2.o)
    0x000002e6   0x000002e6   0x00000000   Code   RO          383    .ARM.Collect$$libinit$$00000030  c_w.l(libinit2.o)
    0x000002e6   0x000002e6   0x00000000   Code   RO          385    .ARM.Collect$$libinit$$00000032  c_w.l(libinit2.o)
    0x000002e6   0x000002e6   0x00000002   Code   RO          386    .ARM.Collect$$libinit$$00000033  c_w.l(libinit2.o)
    0x000002e8   0x000002e8   0x00000002   Code   RO          406    .ARM.Collect$$libshutdown$$00000000  c_w.l(libshutdown.o)
    0x000002ea   0x000002ea   0x00000000   Code   RO          419    .ARM.Collect$$libshutdown$$00000002  c_w.l(libshutdown2.o)
    0x000002ea   0x000002ea   0x00000000   Code   RO          421    .ARM.Collect$$libshutdown$$00000004  c_w.l(libshutdown2.o)
    0x000002ea   0x000002ea   0x00000000   Code   RO          424    .ARM.Collect$$libshutdown$$00000007  c_w.l(libshutdown2.o)
    0x000002ea   0x000002ea   0x00000000   Code   RO          427    .ARM.Collect$$libshutdown$$0000000A  c_w.l(libshutdown2.o)
    0x000002ea   0x000002ea   0x00000000   Code   RO          429    .ARM.Collect$$libshutdown$$0000000C  c_w.l(libshutdown2.o)
    0x000002ea   0x000002ea   0x00000000   Code   RO          432    .ARM.Collect$$libshutdown$$0000000F  c_w.l(libshutdown2.o)
    0x000002ea   0x000002ea   0x00000002   Code   RO          433    .ARM.Collect$$libshutdown$$00000010  c_w.l(libshutdown2.o)
    0x000002ec   0x000002ec   0x00000000   Code   RO          311    .ARM.Collect$$rtentry$$00000000  c_w.l(__rtentry.o)
    0x000002ec   0x000002ec   0x00000000   Code   RO          313    .ARM.Collect$$rtentry$$00000002  c_w.l(__rtentry2.o)
    0x000002ec   0x000002ec   0x00000006   Code   RO          325    .ARM.Collect$$rtentry$$00000004  c_w.l(__rtentry4.o)
    0x000002f2   0x000002f2   0x00000000   Code   RO          315    .ARM.Collect$$rtentry$$00000009  c_w.l(__rtentry2.o)
    0x000002f2   0x000002f2   0x00000004   Code   RO          316    .ARM.Collect$$rtentry$$0000000A  c_w.l(__rtentry2.o)
    0x000002f6   0x000002f6   0x00000000   Code   RO          318    .ARM.Collect$$rtentry$$0000000C  c_w.l(__rtentry2.o)
    0x000002f6   0x000002f6   0x00000008   Code   RO          319    .ARM.Collect$$rtentry$$0000000D  c_w.l(__rtentry2.o)
    0x000002fe   0x000002fe   0x00000002   Code   RO          340    .ARM.Collect$$rtexit$$00000000  c_w.l(rtexit.o)
    0x00000300   0x00000300   0x00000000   Code   RO          388    .ARM.Collect$$rtexit$$00000002  c_w.l(rtexit2.o)
    0x00000300   0x00000300   0x00000004   Code   RO          389    .ARM.Collect$$rtexit$$00000003  c_w.l(rtexit2.o)
    0x00000304   0x00000304   0x00000006   Code   RO          390    .ARM.Collect$$rtexit$$00000004  c_w.l(rtexit2.o)
    0x0000030a   0x0000030a   0x00000002   PAD
    0x0000030c   0x0000030c   0x00000114   Code   RO          260  * .text               startup_tm4c123.o
    0x00000420   0x00000420   0x00000006   Code   RO          307    .text               c_w.l(heapauxi.o)
    0x00000426   0x00000426   0x0000004a   Code   RO          327    .text               c_w.l(sys_stackheap_outer.o)
    0x00000470   0x00000470   0x00000012   Code   RO          329    .text               c_w.l(exit.o)
    0x00000482   0x00000482   0x00000002   PAD
    0x00000484   0x00000484   0x00000008   Code   RO          337    .text               c_w.l(libspace.o)
    0x0000048c   0x0000048c   0x0000000c   Code   RO          398    .text               c_w.l(sys_exit.o)
    0x00000498   0x00000498   0x00000002   Code   RO          409    .text               c_w.l(use_no_semi.o)
    0x0000049a   0x0000049a   0x00000000   Code   RO          411    .text               c_w.l(indicate_semi.o)
    0x0000049a   0x0000049a   0x00000002   PAD
    0x0000049c   0x0000049c   0x0000002c   Code   RO            4    i.ADC0_result       main.o
    0x000004c8   0x000004c8   0x00000024   Code   RO           76    i.ST7735_FillScreen  tft_st7735.o
    0x000004ec   0x000004ec   0x00000098   Code   RO          268    i.SystemInit        system_tm4c123.o
    0x00000584   0x00000584   0x00000144   Code   RO           77    i.config_tft        tft_st7735.o
    0x000006c8   0x000006c8   0x00000050   Code   RO           78    i.delayms           tft_st7735.o
    0x00000718   0x00000718   0x00000090   Code   RO            5    i.init_ADC0         main.o
    0x000007a8   0x000007a8   0x000000bc   Code   RO           79    i.init_SSI0         tft_st7735.o
    0x00000864   0x00000864   0x00000024   Code   RO           80    i.init_tft          tft_st7735.o
    0x00000888   0x00000888   0x00000094   Code   RO            6    i.main              main.o
    0x0000091c   0x0000091c   0x00000074   Code   RO           81    i.setAddrWindow     tft_st7735.o
    0x00000990   0x00000990   0x00000110   Code   RO           83    i.tft_DrawChar      tft_st7735.o
    0x00000aa0   0x00000aa0   0x000000f8   Code   RO           84    i.tft_DrawCharS     tft_st7735.o
    0x00000b98   0x00000b98   0x0000007c   Code   RO           85    i.tft_DrawHLine     tft_st7735.o
    0x00000c14   0x00000c14   0x00000048   Code   RO           86    i.tft_DrawPixel     tft_st7735.o
    0x00000c5c   0x00000c5c   0x00000054   Code   RO           87    i.tft_DrawString    tft_st7735.o
    0x00000cb0   0x00000cb0   0x0000007c   Code   RO           88    i.tft_DrawVLine     tft_st7735.o
    0x00000d2c   0x00000d2c   0x000000ac   Code   RO           89    i.tft_Fill_rectangle  tft_st7735.o
    0x00000dd8   0x00000dd8   0x00000038   Code   RO           92    i.tft_PlotIncrement  tft_st7735.o
    0x00000e10   0x00000e10   0x00000060   Code   RO           95    i.tft_PlotPoint     tft_st7735.o
    0x00000e70   0x00000e70   0x00000020   Code   RO           97    i.tft_SetCursor     tft_st7735.o
    0x00000e90   0x00000e90   0x00000012   Code   RO           98    i.tft_WriteColor    tft_st7735.o
    0x00000ea2   0x00000ea2   0x00000002   PAD
    0x00000ea4   0x00000ea4   0x0000003c   Code   RO           99    i.tft_cmd           tft_st7735.o
    0x00000ee0   0x00000ee0   0x0000003c   Code   RO          100    i.tft_data          tft_st7735.o
    0x00000f1c   0x00000f1c   0x00000110   Code   RO          101    i.tft_drawaxes      tft_st7735.o
    0x0000102c   0x0000102c   0x0000000a   Code   RO          396    x$fpl$fpinit        fz_wm.l(fpinit.o)
    0x00001036   0x00001036   0x000004fb   Data   RO          102    .constdata          tft_st7735.o
    0x00001531   0x00001531   0x00000003   PAD
    0x00001534   0x00001534   0x00000020   Data   RO          464    Region$$Table       anon$$obj.o


    Execution Region ER_RW (Exec base: 0x20000000, Load base: 0x00001554, Size: 0x00000034, Max: 0xffffffff, ABSOLUTE)

    Exec Addr    Load Addr    Size         Type   Attr      Idx    E Section Name        Object

    0x20000000   0x00001554   0x00000004   Data   RW            8    .data               main.o
    0x20000004   0x00001558   0x00000030   Data   RW          103    .data               tft_st7735.o


    Execution Region ER_ZI (Exec base: 0x20000034, Load base: 0x00001588, Size: 0x00000264, Max: 0xffffffff, ABSOLUTE)

    Exec Addr    Load Addr    Size         Type   Attr      Idx    E Section Name        Object

    0x20000034        -       0x00000060   Zero   RW          338    .bss                c_w.l(libspace.o)
    0x20000094   0x00001588   0x00000004   PAD
    0x20000098        -       0x00000000   Zero   RW          258    HEAP                startup_tm4c123.o
    0x20000098        -       0x00000200   Zero   RW          257    STACK               startup_tm4c123.o


==============================================================================

Image component sizes


      Code (inc. data)   RO Data    RW Data    ZI Data      Debug   Object Name

       336         64          0          4          0       7342   main.o
       276         24        620          0        512       5448   startup_tm4c123.o
       152         40          0          0          0        593   system_tm4c123.o
      2470        200       1275         48          0      13808   tft_st7735.o

    ----------------------------------------------------------------------
      3236        328       1930         52        512      27191   Object Totals
         0          0         32          0          0          0   (incl. Generated)
         2          0          3          0          0          0   (incl. Padding)

    ----------------------------------------------------------------------

      Code (inc. data)   RO Data    RW Data    ZI Data      Debug   Library Member Name

         8          0          0          0          0         68   __main.o
         0          0          0          0          0          0   __rtentry.o
        12          0          0          0          0          0   __rtentry2.o
         6          0          0          0          0          0   __rtentry4.o
        52          8          0          0          0          0   __scatter.o
        26          0          0          0          0          0   __scatter_copy.o
        28          0          0          0          0          0   __scatter_zi.o
        18          0          0          0          0         80   exit.o
         6          0          0          0          0        152   heapauxi.o
         0          0          0          0          0          0   indicate_semi.o
         2          0          0          0          0          0   libinit.o
         6          0          0          0          0          0   libinit2.o
         2          0          0          0          0          0   libshutdown.o
         2          0          0          0          0          0   libshutdown2.o
         8          4          0          0         96         68   libspace.o
         2          0          0          0          0          0   rtexit.o
        10          0          0          0          0          0   rtexit2.o
        12          4          0          0          0         68   sys_exit.o
        74          0          0          0          0         80   sys_stackheap_outer.o
         2          0          0          0          0         68   use_no_semi.o
        10          0          0          0          0        116   fpinit.o

    ----------------------------------------------------------------------
       294         16          0          0        100        700   Library Totals
         8          0          0          0          4          0   (incl. Padding)

    ----------------------------------------------------------------------

      Code (inc. data)   RO Data    RW Data    ZI Data      Debug   Library Name

       276         16          0          0         96        584   c_w.l
        10          0          0          0          0        116   fz_wm.l

    ----------------------------------------------------------------------
       294         16          0          0        100        700   Library Totals

    ----------------------------------------------------------------------

==============================================================================


      Code (inc. data)   RO Data    RW Data    ZI Data      Debug   

      3530        344       1930         52        612      25735   Grand Totals
      3530        344       1930         52        612      25735   ELF Image Totals
      3530        344       1930         52          0          0   ROM Totals

==============================================================================

    Total RO  Size (Code + RO Data)                 5460 (   5.33kB)
    Total RW  Size (RW Data + ZI Data)               664 (   0.65kB)
    Total ROM Size (Code + RO Data + RW Data)       5512 (   5.38kB)

==============================================================================

